<?xml version="1.0"?>
<testsuite name="Chrome Headless 151.0.0.0 (Windows 10)" package="saaFE Unit Tests" timestamp="2026-08-26T06:37:29" id="0" hostname="GN-LIDE01" tests="8" errors="0" failures="0" time="0.001">
  <properties>
    <property name="browser.fullName" value="Mozilla/5.0 (Windows NT 10.0; Win64; x64) AppleWebKit/537.36 (KHTML, like Gecko) HeadlessChrome/151.0.0.0 Safari/537.36"/>
  </properties>
  <testcase name="recomputarSaldos tras editar el capital de una fila a mano, el saldo de esa fila y las siguientes cambia" time="0.001" classname=".recomputarSaldos"/>
  <testcase name="recomputarSaldos editar el interés sube el total de esa fila sin tocar el capital de las demás" time="0" classname=".recomputarSaldos"/>
  <testcase name="generarCuotas las fechas avanzan un mes por cuota, a partir de la primera" time="0" classname=".generarCuotas"/>
  <testcase name="generarCuotas nace sin interés: la mayoría de lo que entra aquí no cobra" time="0" classname=".generarCuotas"/>
  <testcase name="generarCuotas la última cuota absorbe el redondeo: la suma da exacto, nunca de más ni de menos" time="0" classname=".generarCuotas"/>
  <testcase name="generarCuotas reparte el valor total en partes iguales" time="0" classname=".generarCuotas"/>
  <testcase name="generarCuotas el saldo baja hasta cero en la última cuota, nunca queda negativo ni sobrante" time="0" classname=".generarCuotas"/>
  <testcase name="generarCuotas datos inválidos devuelven una lista vacía, no revientan" time="0" classname=".generarCuotas"/>
  <system-out>
    <![CDATA[
]]>
  </system-out>
  <system-err/>
</testsuite>